// Jest Snapshot v1, https://goo.gl/fbAQLP

exports[`renders correctly 1`] = `
<View
  accessible={true}
  focusable={false}
  onClick={[Function]}
  onResponderGrant={[Function]}
  onResponderMove={[Function]}
  onResponderRelease={[Function]}
  onResponderTerminate={[Function]}
  onResponderTerminationRequest={[Function]}
  onStartShouldSetResponder={[Function]}
  style={
    Object {
      "alignItems": "center",
      "backgroundColor": "#dcdcdc",
      "borderRadius": 30,
      "height": 50,
      "opacity": 1,
      "width": 180,
    }
  }
>
  <Text
    style={
      Object {
        "alignItems": "center",
        "color": "#ffffff",
        "fontSize": 30,
        "fontWeight": "bold",
        "lineHeight": 50,
      }
    }
  >
    Cancel
  </Text>
</View>
`;
