// Jest Snapshot v1, https://goo.gl/fbAQLP

exports[`renders correctly 1`] = `
<Text
  style={
    Array [
      Object {
        "color": "#000000",
        "fontFamily": "System",
        "fontWeight": "400",
      },
      Object {
        "textAlign": "left",
      },
      Object {
        "fontSize": 15,
        "lineHeight": 21,
        "marginBottom": 12,
        "textAlign": "center",
      },
    ]
  }
/>
`;
